Loading weights:   0%|          | 0/201 [00:00<?, ?it/s]Loading weights: 100%|██████████| 201/201 [00:00<00:00, 14438.59it/s]
val: 64/35456 (0.0 min)
val: 12864/35456 (0.6 min)
val: 25664/35456 (1.1 min)
SCORED val: 35456 pairs in 1.5 min
test: 64/804650 (0.0 min)
test: 12864/804650 (0.6 min)
test: 25664/804650 (1.1 min)
test: 38464/804650 (1.7 min)
test: 51264/804650 (2.3 min)
test: 64064/804650 (2.9 min)
test: 76864/804650 (3.4 min)
test: 89664/804650 (4.0 min)
test: 102464/804650 (4.6 min)
test: 115264/804650 (5.2 min)
test: 128064/804650 (5.7 min)
test: 140864/804650 (6.3 min)
test: 153664/804650 (6.9 min)
test: 166464/804650 (7.4 min)
test: 179264/804650 (8.0 min)
test: 192064/804650 (8.6 min)
test: 204864/804650 (9.2 min)
test: 217664/804650 (9.7 min)
test: 230464/804650 (10.3 min)
test: 243264/804650 (10.9 min)
test: 256064/804650 (11.4 min)
test: 268864/804650 (12.0 min)
test: 281664/804650 (12.6 min)
test: 294464/804650 (13.2 min)
test: 307264/804650 (13.7 min)
test: 320064/804650 (14.3 min)
test: 332864/804650 (14.9 min)
test: 345664/804650 (15.5 min)
test: 358464/804650 (16.0 min)
test: 371264/804650 (16.6 min)
test: 384064/804650 (17.2 min)
test: 396864/804650 (17.7 min)
test: 409664/804650 (18.3 min)
test: 422464/804650 (18.9 min)
test: 435264/804650 (19.5 min)
test: 448064/804650 (20.0 min)
test: 460864/804650 (20.6 min)
test: 473664/804650 (21.2 min)
test: 486464/804650 (21.8 min)
test: 499264/804650 (22.3 min)
test: 512064/804650 (22.9 min)
test: 524864/804650 (23.5 min)
test: 537664/804650 (24.0 min)
test: 550464/804650 (24.6 min)
test: 563264/804650 (25.2 min)
test: 576064/804650 (25.8 min)
test: 588864/804650 (26.3 min)
test: 601664/804650 (26.9 min)
test: 614464/804650 (27.5 min)
test: 627264/804650 (28.1 min)
test: 640064/804650 (28.6 min)
test: 652864/804650 (29.2 min)
test: 665664/804650 (29.8 min)
test: 678464/804650 (30.4 min)
test: 691264/804650 (30.9 min)
test: 704064/804650 (31.5 min)
test: 716864/804650 (32.1 min)
test: 729664/804650 (32.6 min)
test: 742464/804650 (33.2 min)
test: 755264/804650 (33.8 min)
test: 768064/804650 (34.4 min)
test: 780864/804650 (34.9 min)
test: 793664/804650 (35.5 min)
SCORED test: 804650 pairs in 36.0 min
