Loading weights:   0%|          | 0/201 [00:00<?, ?it/s]Loading weights: 100%|██████████| 201/201 [00:00<00:00, 19798.86it/s]
val: 64/64774 (0.0 min)
val: 12864/64774 (0.6 min)
val: 25664/64774 (1.1 min)
val: 38464/64774 (1.7 min)
val: 51264/64774 (2.2 min)
val: 64064/64774 (2.8 min)
SCORED val: 64774 pairs in 2.8 min
test: 64/1371020 (0.0 min)
test: 12864/1371020 (0.6 min)
test: 25664/1371020 (1.1 min)
test: 38464/1371020 (1.7 min)
test: 51264/1371020 (2.3 min)
test: 64064/1371020 (2.8 min)
test: 76864/1371020 (3.4 min)
test: 89664/1371020 (4.0 min)
test: 102464/1371020 (4.6 min)
test: 115264/1371020 (5.1 min)
test: 128064/1371020 (5.7 min)
test: 140864/1371020 (6.3 min)
test: 153664/1371020 (6.9 min)
test: 166464/1371020 (7.4 min)
test: 179264/1371020 (8.0 min)
test: 192064/1371020 (8.6 min)
test: 204864/1371020 (9.1 min)
test: 217664/1371020 (9.7 min)
test: 230464/1371020 (10.3 min)
test: 243264/1371020 (10.9 min)
test: 256064/1371020 (11.4 min)
test: 268864/1371020 (12.0 min)
test: 281664/1371020 (12.6 min)
test: 294464/1371020 (13.2 min)
test: 307264/1371020 (13.7 min)
test: 320064/1371020 (14.3 min)
test: 332864/1371020 (14.9 min)
test: 345664/1371020 (15.5 min)
test: 358464/1371020 (16.0 min)
test: 371264/1371020 (16.6 min)
test: 384064/1371020 (17.2 min)
test: 396864/1371020 (17.7 min)
test: 409664/1371020 (18.3 min)
test: 422464/1371020 (18.9 min)
test: 435264/1371020 (19.4 min)
test: 448064/1371020 (20.0 min)
test: 460864/1371020 (20.6 min)
test: 473664/1371020 (21.2 min)
test: 486464/1371020 (21.7 min)
test: 499264/1371020 (22.3 min)
test: 512064/1371020 (22.9 min)
test: 524864/1371020 (23.5 min)
test: 537664/1371020 (24.0 min)
test: 550464/1371020 (24.6 min)
test: 563264/1371020 (25.2 min)
test: 576064/1371020 (25.8 min)
test: 588864/1371020 (26.3 min)
test: 601664/1371020 (26.9 min)
test: 614464/1371020 (27.5 min)
test: 627264/1371020 (28.1 min)
test: 640064/1371020 (28.6 min)
test: 652864/1371020 (29.2 min)
test: 665664/1371020 (29.8 min)
test: 678464/1371020 (30.3 min)
test: 691264/1371020 (30.9 min)
test: 704064/1371020 (31.4 min)
test: 716864/1371020 (32.0 min)
test: 729664/1371020 (32.6 min)
test: 742464/1371020 (33.1 min)
test: 755264/1371020 (33.7 min)
test: 768064/1371020 (34.3 min)
test: 780864/1371020 (34.8 min)
test: 793664/1371020 (35.4 min)
test: 806464/1371020 (36.0 min)
test: 819264/1371020 (36.5 min)
test: 832064/1371020 (37.1 min)
test: 844864/1371020 (37.7 min)
test: 857664/1371020 (38.2 min)
test: 870464/1371020 (38.8 min)
test: 883264/1371020 (39.4 min)
test: 896064/1371020 (39.9 min)
test: 908864/1371020 (40.5 min)
test: 921664/1371020 (41.0 min)
test: 934464/1371020 (41.6 min)
test: 947264/1371020 (42.2 min)
test: 960064/1371020 (42.7 min)
test: 972864/1371020 (43.3 min)
test: 985664/1371020 (43.9 min)
test: 998464/1371020 (44.4 min)
test: 1011264/1371020 (45.0 min)
test: 1024064/1371020 (45.6 min)
test: 1036864/1371020 (46.1 min)
test: 1049664/1371020 (46.7 min)
test: 1062464/1371020 (47.3 min)
test: 1075264/1371020 (47.9 min)
test: 1088064/1371020 (48.4 min)
test: 1100864/1371020 (49.0 min)
test: 1113664/1371020 (49.6 min)
test: 1126464/1371020 (50.2 min)
test: 1139264/1371020 (50.7 min)
test: 1152064/1371020 (51.3 min)
test: 1164864/1371020 (51.9 min)
test: 1177664/1371020 (52.4 min)
test: 1190464/1371020 (53.0 min)
test: 1203264/1371020 (53.6 min)
test: 1216064/1371020 (54.2 min)
test: 1228864/1371020 (54.8 min)
test: 1241664/1371020 (55.3 min)
test: 1254464/1371020 (55.9 min)
test: 1267264/1371020 (56.5 min)
test: 1280064/1371020 (57.1 min)
test: 1292864/1371020 (57.6 min)
test: 1305664/1371020 (58.2 min)
test: 1318464/1371020 (58.8 min)
test: 1331264/1371020 (59.4 min)
test: 1344064/1371020 (59.9 min)
test: 1356864/1371020 (60.5 min)
test: 1369664/1371020 (61.1 min)
SCORED test: 1371020 pairs in 61.1 min
